Col1,Col2,Col3,Col4,Col5
row1,row1,row1,test,
row2,row2,row2,test,
row3,row3,row3,test,
row4,row4,row4,test,
row5,row5,row5,test,
row6,row6,row6,test,
row7,row7,row7,test,
row8,row8,row8,test,
row9,row9,row9,test,
row10,row10,row10,test,
row11,row11,row11,test,
row12,row12,row12,test,
row13,row13,row13,test,
row14,row14,row14,test,
row15,row15,row15,test,
row16,row16,row16,test,
row17,row17,row17,test,
row18,row18,row18,test,
row19,row19,row19,test,
row20,row20,row20,test,
row21,row21,row21,test,
row22,row22,row22,test,
row23,row23,row23,test,
row24,row24,row24,test,
row25,row25,row25,test,
row26,row26,row26,test,
row27,row27,row27,test,
row28,row28,row28,test,
row29,row29,row29,test,
row30,row30,row30,test,
row31,row31,row31,test,
row32,row32,row32,test,
row33,row33,row33,test,
row34,row34,row34,test,
row35,row35,row35,test,
row36,row36,row36,test,
row37,row37,row37,test,
row38,row38,row38,test,
row39,row39,row39,test,
row40,row40,row40,test,
row41,row41,row41,test,
row42,row42,row42,test,
row43,row43,row43,test,
row44,row44,row44,test,
row45,row45,row45,test,
row46,row46,row46,test,
row47,row47,row47,test,
row48,row48,row48,test,
row49,row49,row49,test,
row50,row50,row50,test,
row51,row51,row51,test,
row52,row52,row52,test,
row53,row53,row53,test,
row54,row54,row54,test,
row55,row55,row55,test,
row56,row56,row56,test,
row57,row57,row57,test,
row58,row58,row58,test,
row59,row59,row59,test,
row60,row60,row60,test,
row61,row61,row61,test,
row62,row62,row62,test,
row63,row63,row63,test,
row64,row64,row64,test,
row65,row65,row65,test,
row66,row66,row66,test,
row67,row67,row67,test,
row68,row68,row68,test,
row69,row69,row69,test,
row70,row70,row70,test,
row71,row71,row71,test,
row72,row72,row72,test,
row73,row73,row73,test,
row74,row74,row74,test,
row75,row75,row75,test,
row76,row76,row76,test,
row77,row77,row77,test,
row78,row78,row78,test,
row79,row79,row79,test,
row80,row80,row80,test,
row81,row81,row81,test,
row82,row82,row82,test,
row83,row83,row83,test,
row84,row84,row84,test,
row85,row85,row85,test,
row86,row86,row86,test,
row87,row87,row87,test,
row88,row88,row88,test,
row89,row89,row89,test,
row90,row90,row90,test,
row91,row91,row91,test,
row92,row92,row92,test,
row93,row93,row93,test,
row94,row94,row94,test,
row95,row95,row95,test,
row96,row96,row96,test,
row97,row97,row97,test,
row98,row98,row98,test,
row99,row99,row99,test,
row100,row100,row100,test,
row101,row101,row101,test,
row102,row102,row102,test,
row103,row103,row103,test,
row104,row104,row104,test,
row105,row105,row105,test,
row106,row106,row106,test,
row107,row107,row107,test,
row108,row108,row108,test,
row109,row109,row109,test,
row110,row110,row110,test,
row111,row111,row111,test,
row112,row112,row112,test,
row113,row113,row113,test,
row114,row114,row114,test,
row115,row115,row115,test,
row116,row116,row116,test,
row117,row117,row117,test,
row118,row118,row118,test,
row119,row119,row119,test,
row120,row120,row120,test,
row121,row121,row121,test,
row122,row122,row122,test,
row123,row123,row123,test,
row124,row124,row124,test,
row125,row125,row125,test,
row126,row126,row126,test,
row127,row127,row127,test,
row128,row128,row128,test,
row129,row129,row129,test,
row130,row130,row130,test,
row131,row131,row131,test,
row132,row132,row132,test,
row133,row133,row133,test,
row134,row134,row134,test,
row135,row135,row135,test,
row136,row136,row136,test,
row137,row137,row137,test,
row138,row138,row138,test,
row139,row139,row139,test,
row140,row140,row140,test,
row141,row141,row141,test,
row142,row142,row142,test,
row143,row143,row143,test,
row144,row144,row144,test,
row145,row145,row145,test,
row146,row146,row146,test,
row147,row147,row147,test,
row148,row148,row148,test,
row149,row149,row149,test,
row150,row150,row150,test,
row151,row151,row151,test,
row152,row152,row152,test,
row153,row153,row153,test,
row154,row154,row154,test,
row155,row155,row155,test,
row156,row156,row156,test,
row157,row157,row157,test,
row158,row158,row158,test,
row159,row159,row159,test,
row160,row160,row160,test,
row161,row161,row161,test,
row162,row162,row162,test,
row163,row163,row163,test,
row164,row164,row164,test,
row165,row165,row165,test,
row166,row166,row166,test,
row167,row167,row167,test,
row168,row168,row168,test,
row169,row169,row169,test,
row170,row170,row170,test,
row171,row171,row171,test,
row172,row172,row172,test,
row173,row173,row173,test,
row174,row174,row174,test,
row175,row175,row175,test,
row176,row176,row176,test,
row177,row177,row177,test,
row178,row178,row178,test,
row179,row179,row179,test,
row180,row180,row180,test,
row181,row181,row181,test,
row182,row182,row182,test,
row183,row183,row183,test,
row184,row184,row184,test,
row185,row185,row185,test,
row186,row186,row186,test,
row187,row187,row187,test,
row188,row188,row188,test,
row189,row189,row189,test,
row190,row190,row190,test,
row191,row191,row191,test,
row192,row192,row192,test,
row193,row193,row193,test,
row194,row194,row194,test,
row195,row195,row195,test,
row196,row196,row196,test,
row197,row197,row197,test,
row198,row198,row198,test,
row199,row199,row199,test,
row200,row200,row200,test,
row201,row201,row201,test,
row202,row202,row202,test,
row203,row203,row203,test,
row204,row204,row204,test,
row205,row205,row205,test,
row206,row206,row206,test,
row207,row207,row207,test,
row208,row208,row208,test,
row209,row209,row209,test,
row210,row210,row210,test,
row211,row211,row211,test,
row212,row212,row212,test,
row213,row213,row213,test,
row214,row214,row214,test,
row215,row215,row215,test,
row216,row216,row216,test,
row217,row217,row217,test,
row218,row218,row218,test,
row219,row219,row219,test,
row220,row220,row220,test,
row221,row221,row221,test,
row222,row222,row222,test,
row223,row223,row223,test,
row224,row224,row224,test,
row225,row225,row225,test,
row226,row226,row226,test,
row227,row227,row227,test,
row228,row228,row228,test,
row229,row229,row229,test,
row230,row230,row230,test,
row231,row231,row231,test,
row232,row232,row232,test,
row233,row233,row233,test,
row234,row234,row234,test,
row235,row235,row235,test,
row236,row236,row236,test,
row237,row237,row237,test,
row238,row238,row238,test,
row239,row239,row239,test,
row240,row240,row240,test,
row241,row241,row241,test,
row242,row242,row242,test,
row243,row243,row243,test,
row244,row244,row244,test,
row245,row245,row245,test,
row246,row246,row246,test,
row247,row247,row247,test,
row248,row248,row248,test,
row249,row249,row249,test,
row250,row250,row250,test,
row251,row251,row251,test,
row252,row252,row252,test,
row253,row253,row253,test,
row254,row254,row254,test,
row255,row255,row255,test,
row256,row256,row256,test,
row257,row257,row257,test,
row258,row258,row258,test,
row259,row259,row259,test,
row260,row260,row260,test,
row261,row261,row261,test,
row262,row262,row262,test,
row263,row263,row263,test,
row264,row264,row264,test,
row265,row265,row265,test,
row266,row266,row266,test,
row267,row267,row267,test,
row268,row268,row268,test,
row269,row269,row269,test,
row270,row270,row270,test,
row271,row271,row271,test,
row272,row272,row272,test,
row273,row273,row273,test,
row274,row274,row274,test,
row275,row275,row275,test,
row276,row276,row276,test,
row277,row277,row277,test,
row278,row278,row278,test,
row279,row279,row279,test,
row280,row280,row280,test,
row281,row281,row281,test,
row282,row282,row282,test,
row283,row283,row283,test,
row284,row284,row284,test,
row285,row285,row285,test,
row286,row286,row286,test,
row287,row287,row287,test,
row288,row288,row288,test,
row289,row289,row289,test,
row290,row290,row290,test,
row291,row291,row291,test,
row292,row292,row292,test,
row293,row293,row293,test,
row294,row294,row294,test,
row295,row295,row295,test,
row296,row296,row296,test,
row297,row297,row297,test,
row298,row298,row298,test,
row299,row299,row299,test,
row300,row300,row300,test,
row301,row301,row301,test,
row302,row302,row302,test,
row303,row303,row303,test,
row304,row304,row304,test,
row305,row305,row305,test,
row306,row306,row306,test,
row307,row307,row307,test,
row308,row308,row308,test,
row309,row309,row309,test,
row310,row310,row310,test,
row311,row311,row311,test,
row312,row312,row312,test,
row313,row313,row313,test,
row314,row314,row314,test,
row315,row315,row315,test,
row316,row316,row316,test,
row317,row317,row317,test,
row318,row318,row318,test,
row319,row319,row319,test,
row320,row320,row320,test,
row321,row321,row321,test,
row322,row322,row322,test,
row323,row323,row323,test,
row324,row324,row324,test,
row325,row325,row325,test,
row326,row326,row326,test,
row327,row327,row327,test,
row328,row328,row328,test,
row329,row329,row329,test,
row330,row330,row330,test,
row331,row331,row331,test,
row332,row332,row332,test,
row333,row333,row333,test,
row334,row334,row334,test,
row335,row335,row335,test,
row336,row336,row336,test,
row337,row337,row337,test,
row338,row338,row338,test,
row339,row339,row339,test,
row340,row340,row340,test,
row341,row341,row341,test,
row342,row342,row342,test,
row343,row343,row343,test,
row344,row344,row344,test,
row345,row345,row345,test,
row346,row346,row346,test,
row347,row347,row347,test,
row348,row348,row348,test,
row349,row349,row349,test,
row350,row350,row350,test,
row351,row351,row351,test,
row352,row352,row352,test,
row353,row353,row353,test,
row354,row354,row354,test,
row355,row355,row355,test,
row356,row356,row356,test,
row357,row357,row357,test,
row358,row358,row358,test,
row359,row359,row359,test,
row360,row360,row360,test,
row361,row361,row361,test,
row362,row362,row362,test,
row363,row363,row363,test,
row364,row364,row364,test,
row365,row365,row365,test,
row366,row366,row366,test,
row367,row367,row367,test,
row368,row368,row368,test,
row369,row369,row369,test,
row370,row370,row370,test,
row371,row371,row371,test,
row372,row372,row372,test,
row373,row373,row373,test,
row374,row374,row374,test,
row375,row375,row375,test,
row376,row376,row376,test,
row377,row377,row377,test,
row378,row378,row378,test,
row379,row379,row379,test,
row380,row380,row380,test,
row381,row381,row381,test,
row382,row382,row382,test,
row383,row383,row383,test,
row384,row384,row384,test,
row385,row385,row385,test,
row386,row386,row386,test,
row387,row387,row387,test,
row388,row388,row388,test,
row389,row389,row389,test,
row390,row390,row390,test,
row391,row391,row391,test,
row392,row392,row392,test,
row393,row393,row393,test,
row394,row394,row394,test,
row395,row395,row395,test,
row396,row396,row396,test,
row397,row397,row397,test,
row398,row398,row398,test,
row399,row399,row399,test,
row400,row400,row400,test,
row401,row401,row401,test,
row402,row402,row402,test,
row403,row403,row403,test,
row404,row404,row404,test,
row405,row405,row405,test,
row406,row406,row406,test,
row407,row407,row407,test,
row408,row408,row408,test,
row409,row409,row409,test,
row410,row410,row410,test,
row411,row411,row411,test,
row412,row412,row412,test,
row413,row413,row413,test,
row414,row414,row414,test,
row415,row415,row415,test,
row416,row416,row416,test,
row417,row417,row417,test,
row418,row418,row418,test,
row419,row419,row419,test,
row420,row420,row420,test,
row421,row421,row421,test,
row422,row422,row422,test,
row423,row423,row423,test,
row424,row424,row424,test,
row425,row425,row425,test,
row426,row426,row426,test,
row427,row427,row427,test,
row428,row428,row428,test,
row429,row429,row429,test,
row430,row430,row430,test,
row431,row431,row431,test,
row432,row432,row432,test,
row433,row433,row433,test,
row434,row434,row434,test,
row435,row435,row435,test,
row436,row436,row436,test,
row437,row437,row437,test,
row438,row438,row438,test,
row439,row439,row439,test,
row440,row440,row440,test,
row441,row441,row441,test,
row442,row442,row442,test,
row443,row443,row443,test,
row444,row444,row444,test,
row445,row445,row445,test,
row446,row446,row446,test,
row447,row447,row447,test,
row448,row448,row448,test,
row449,row449,row449,test,
row450,row450,row450,test,
row451,row451,row451,test,
row452,row452,row452,test,
row453,row453,row453,test,
row454,row454,row454,test,
row455,row455,row455,test,
row456,row456,row456,test,
row457,row457,row457,test,
row458,row458,row458,test,
row459,row459,row459,test,
row460,row460,row460,test,
row461,row461,row461,test,
row462,row462,row462,test,
row463,row463,row463,test,
row464,row464,row464,test,
row465,row465,row465,test,
row466,row466,row466,test,
row467,row467,row467,test,
row468,row468,row468,test,
row469,row469,row469,test,
row470,row470,row470,test,
row471,row471,row471,test,
row472,row472,row472,test,
row473,row473,row473,test,
row474,row474,row474,test,
row475,row475,row475,test,
row476,row476,row476,test,
row477,row477,row477,test,
row478,row478,row478,test,
row479,row479,row479,test,
row480,row480,row480,test,
row481,row481,row481,test,
row482,row482,row482,test,
row483,row483,row483,test,
row484,row484,row484,test,
row485,row485,row485,test,
row486,row486,row486,test,
row487,row487,row487,test,
row488,row488,row488,test,
row489,row489,row489,test,
row490,row490,row490,test,
row491,row491,row491,test,
row492,row492,row492,test,
row493,row493,row493,test,
row494,row494,row494,test,
row495,row495,row495,test,
row496,row496,row496,test,
row497,row497,row497,test,
row498,row498,row498,test,
row499,row499,row499,test,
row500,row500,row500,test,
row501,row501,row501,test,
row502,row502,row502,test,
row503,row503,row503,test,
row504,row504,row504,test,
row505,row505,row505,test,
row506,row506,row506,test,
row507,row507,row507,test,
row508,row508,row508,test,
row509,row509,row509,test,
row510,row510,row510,test,
row511,row511,row511,test,
row512,row512,row512,test,
row513,row513,row513,test,
row514,row514,row514,test,
row515,row515,row515,test,
row516,row516,row516,test,
row517,row517,row517,test,
row518,row518,row518,test,
row519,row519,row519,test,
row520,row520,row520,test,
row521,row521,row521,test,
row522,row522,row522,test,
row523,row523,row523,test,
row524,row524,row524,test,
row525,row525,row525,test,
row526,row526,row526,test,
row527,row527,row527,test,
row528,row528,row528,test,
row529,row529,row529,test,
row530,row530,row530,test,
row531,row531,row531,test,
row532,row532,row532,test,
row533,row533,row533,test,
row534,row534,row534,test,
row535,row535,row535,test,
row536,row536,row536,test,
row537,row537,row537,test,
row538,row538,row538,test,
row539,row539,row539,test,
row540,row540,row540,test,
row541,row541,row541,test,
row542,row542,row542,test,
row543,row543,row543,test,
row544,row544,row544,test,
row545,row545,row545,test,
row546,row546,row546,test,
row547,row547,row547,test,
row548,row548,row548,test,
row549,row549,row549,test,
row550,row550,row550,test,
row551,row551,row551,test,
row552,row552,row552,test,
row553,row553,row553,test,
row554,row554,row554,test,
row555,row555,row555,test,
row556,row556,row556,test,
row557,row557,row557,test,
row558,row558,row558,test,
row559,row559,row559,test,
row560,row560,row560,test,
row561,row561,row561,test,
row562,row562,row562,test,
row563,row563,row563,test,
row564,row564,row564,test,
row565,row565,row565,test,
row566,row566,row566,test,
row567,row567,row567,test,
row568,row568,row568,test,
row569,row569,row569,test,
row570,row570,row570,test,
row571,row571,row571,test,
row572,row572,row572,test,
row573,row573,row573,test,
row574,row574,row574,test,
row575,row575,row575,test,
row576,row576,row576,test,
row577,row577,row577,test,
row578,row578,row578,test,
row579,row579,row579,test,
row580,row580,row580,test,
row581,row581,row581,test,
row582,row582,row582,test,
row583,row583,row583,test,
row584,row584,row584,test,
row585,row585,row585,test,
row586,row586,row586,test,
row587,row587,row587,test,
row588,row588,row588,test,
row589,row589,row589,test,
row590,row590,row590,test,
row591,row591,row591,test,
row592,row592,row592,test,
row593,row593,row593,test,
row594,row594,row594,test,
row595,row595,row595,test,
row596,row596,row596,test,
row597,row597,row597,test,
row598,row598,row598,test,
row599,row599,row599,test,
row600,row600,row600,test,
row601,row601,row601,test,
row602,row602,row602,test,
row603,row603,row603,test,
row604,row604,row604,test,
row605,row605,row605,test,
row606,row606,row606,test,
row607,row607,row607,test,
row608,row608,row608,test,
row609,row609,row609,test,
row610,row610,row610,test,
row611,row611,row611,test,
row612,row612,row612,test,
row613,row613,row613,test,
row614,row614,row614,test,
row615,row615,row615,test,
row616,row616,row616,test,
row617,row617,row617,test,
row618,row618,row618,test,
row619,row619,row619,test,
row620,row620,row620,test,
row621,row621,row621,test,
row622,row622,row622,test,
row623,row623,row623,test,
row624,row624,row624,test,
row625,row625,row625,test,
row626,row626,row626,test,
row627,row627,row627,test,
row628,row628,row628,test,
row629,row629,row629,test,
row630,row630,row630,test,
row631,row631,row631,test,
row632,row632,row632,test,
row633,row633,row633,test,
row634,row634,row634,test,
row635,row635,row635,test,
row636,row636,row636,test,
row637,row637,row637,test,
row638,row638,row638,test,
row639,row639,row639,test,
row640,row640,row640,test,
row641,row641,row641,test,
row642,row642,row642,test,
row643,row643,row643,test,
row644,row644,row644,test,
row645,row645,row645,test,
row646,row646,row646,test,
row647,row647,row647,test,
row648,row648,row648,test,
row649,row649,row649,test,
row650,row650,row650,test,
row651,row651,row651,test,
row652,row652,row652,test,
row653,row653,row653,test,
row654,row654,row654,test,
row655,row655,row655,test,
row656,row656,row656,test,
row657,row657,row657,test,
row658,row658,row658,test,
row659,row659,row659,test,
row660,row660,row660,test,
row661,row661,row661,test,
row662,row662,row662,test,
row663,row663,row663,test,
row664,row664,row664,test,
row665,row665,row665,test,
row666,row666,row666,test,
row667,row667,row667,test,
row668,row668,row668,test,
row669,row669,row669,test,
row670,row670,row670,test,
row671,row671,row671,test,
row672,row672,row672,test,
row673,row673,row673,test,
row674,row674,row674,test,
row675,row675,row675,test,
row676,row676,row676,test,
row677,row677,row677,test,
row678,row678,row678,test,
row679,row679,row679,test,
row680,row680,row680,test,
row681,row681,row681,test,
row682,row682,row682,test,
row683,row683,row683,test,
row684,row684,row684,test,
row685,row685,row685,test,
row686,row686,row686,test,
row687,row687,row687,test,
row688,row688,row688,test,
row689,row689,row689,test,
row690,row690,row690,test,
row691,row691,row691,test,
row692,row692,row692,test,
row693,row693,row693,test,
row694,row694,row694,test,
row695,row695,row695,test,
row696,row696,row696,test,
row697,row697,row697,test,
row698,row698,row698,test,
row699,row699,row699,test,
row700,row700,row700,test,
row701,row701,row701,test,
row702,row702,row702,test,
row703,row703,row703,test,
row704,row704,row704,test,
row705,row705,row705,test,
row706,row706,row706,test,
row707,row707,row707,test,
row708,row708,row708,test,
row709,row709,row709,test,
row710,row710,row710,test,
row711,row711,row711,test,
row712,row712,row712,test,
row713,row713,row713,test,
row714,row714,row714,test,
row715,row715,row715,test,
row716,row716,row716,test,
row717,row717,row717,test,
row718,row718,row718,test,
row719,row719,row719,test,
row720,row720,row720,test,
row721,row721,row721,test,
row722,row722,row722,test,
row723,row723,row723,test,
row724,row724,row724,test,
row725,row725,row725,test,
row726,row726,row726,test,
row727,row727,row727,test,
row728,row728,row728,test,
row729,row729,row729,test,
row730,row730,row730,test,
row731,row731,row731,test,
row732,row732,row732,test,
row733,row733,row733,test,
row734,row734,row734,test,
row735,row735,row735,test,
row736,row736,row736,test,
row737,row737,row737,test,
row738,row738,row738,test,
row739,row739,row739,test,
row740,row740,row740,test,
row741,row741,row741,test,
row742,row742,row742,test,
row743,row743,row743,test,
row744,row744,row744,test,
row745,row745,row745,test,
row746,row746,row746,test,
row747,row747,row747,test,
row748,row748,row748,test,
row749,row749,row749,test,
row750,row750,row750,test,
row751,row751,row751,test,
row752,row752,row752,test,
row753,row753,row753,test,
row754,row754,row754,test,
row755,row755,row755,test,
row756,row756,row756,test,
row757,row757,row757,test,
row758,row758,row758,test,
row759,row759,row759,test,
row760,row760,row760,test,
row761,row761,row761,test,
row762,row762,row762,test,
row763,row763,row763,test,
row764,row764,row764,test,
row765,row765,row765,test,
row766,row766,row766,test,
row767,row767,row767,test,
row768,row768,row768,test,
row769,row769,row769,test,
row770,row770,row770,test,
row771,row771,row771,test,
row772,row772,row772,test,
row773,row773,row773,test,
row774,row774,row774,test,
row775,row775,row775,test,
row776,row776,row776,test,
row777,row777,row777,test,
row778,row778,row778,test,
row779,row779,row779,test,
row780,row780,row780,test,
row781,row781,row781,test,
row782,row782,row782,test,
row783,row783,row783,test,
row784,row784,row784,test,
row785,row785,row785,test,
row786,row786,row786,test,
row787,row787,row787,test,
row788,row788,row788,test,
row789,row789,row789,test,
row790,row790,row790,test,
row791,row791,row791,test,
row792,row792,row792,test,
row793,row793,row793,test,
row794,row794,row794,test,
row795,row795,row795,test,
row796,row796,row796,test,
row797,row797,row797,test,
row798,row798,row798,test,
row799,row799,row799,test,
row800,row800,row800,test,
row801,row801,row801,test,
row802,row802,row802,test,
row803,row803,row803,test,
row804,row804,row804,test,
row805,row805,row805,test,
row806,row806,row806,test,
row807,row807,row807,test,
row808,row808,row808,test,
row809,row809,row809,test,
row810,row810,row810,test,
row811,row811,row811,test,
row812,row812,row812,test,
row813,row813,row813,test,
row814,row814,row814,test,
row815,row815,row815,test,
row816,row816,row816,test,
row817,row817,row817,test,
row818,row818,row818,test,
row819,row819,row819,test,
row820,row820,row820,test,
row821,row821,row821,test,
row822,row822,row822,test,
row823,row823,row823,test,
row824,row824,row824,test,
row825,row825,row825,test,
row826,row826,row826,test,
row827,row827,row827,test,
row828,row828,row828,test,
row829,row829,row829,test,
row830,row830,row830,test,
row831,row831,row831,test,
row832,row832,row832,test,
row833,row833,row833,test,
row834,row834,row834,test,
row835,row835,row835,test,
row836,row836,row836,test,
row837,row837,row837,test,
row838,row838,row838,test,
row839,row839,row839,test,
row840,row840,row840,test,
row841,row841,row841,test,
row842,row842,row842,test,
row843,row843,row843,test,
row844,row844,row844,test,
row845,row845,row845,test,
row846,row846,row846,test,
row847,row847,row847,test,
row848,row848,row848,test,
row849,row849,row849,test,
row850,row850,row850,test,
row851,row851,row851,test,
row852,row852,row852,test,
row853,row853,row853,test,
row854,row854,row854,test,
row855,row855,row855,test,
row856,row856,row856,test,
row857,row857,row857,test,
row858,row858,row858,test,
row859,row859,row859,test,
row860,row860,row860,test,
row861,row861,row861,test,
row862,row862,row862,test,
row863,row863,row863,test,
row864,row864,row864,test,
row865,row865,row865,test,
row866,row866,row866,test,
row867,row867,row867,test,
row868,row868,row868,test,
row869,row869,row869,test,
row870,row870,row870,test,
row871,row871,row871,test,
row872,row872,row872,test,
row873,row873,row873,test,
row874,row874,row874,test,
row875,row875,row875,test,
row876,row876,row876,test,
row877,row877,row877,test,
row878,row878,row878,test,
row879,row879,row879,test,
row880,row880,row880,test,
row881,row881,row881,test,
row882,row882,row882,test,
row883,row883,row883,test,
row884,row884,row884,test,
row885,row885,row885,test,
row886,row886,row886,test,
row887,row887,row887,test,
row888,row888,row888,test,
row889,row889,row889,test,
row890,row890,row890,test,
row891,row891,row891,test,
row892,row892,row892,test,
row893,row893,row893,test,
row894,row894,row894,test,
row895,row895,row895,test,
row896,row896,row896,test,
row897,row897,row897,test,
row898,row898,row898,test,
row899,row899,row899,test,
row900,row900,row900,test,
row901,row901,row901,test,
row902,row902,row902,test,
row903,row903,row903,test,
row904,row904,row904,test,
row905,row905,row905,test,
row906,row906,row906,test,
row907,row907,row907,test,
row908,row908,row908,test,
row909,row909,row909,test,
row910,row910,row910,test,
row911,row911,row911,test,
row912,row912,row912,test,
row913,row913,row913,test,
row914,row914,row914,test,
row915,row915,row915,test,
row916,row916,row916,test,
row917,row917,row917,test,
row918,row918,row918,test,
row919,row919,row919,test,
row920,row920,row920,test,
row921,row921,row921,test,
row922,row922,row922,test,
row923,row923,row923,test,
row924,row924,row924,test,
row925,row925,row925,test,
row926,row926,row926,test,
row927,row927,row927,test,
row928,row928,row928,test,
row929,row929,row929,test,
row930,row930,row930,test,
row931,row931,row931,test,
row932,row932,row932,test,
row933,row933,row933,test,
row934,row934,row934,test,
row935,row935,row935,test,
row936,row936,row936,test,
row937,row937,row937,test,
row938,row938,row938,test,
row939,row939,row939,test,
row940,row940,row940,test,
row941,row941,row941,test,
row942,row942,row942,test,
row943,row943,row943,test,
row944,row944,row944,test,
row945,row945,row945,test,
row946,row946,row946,test,
row947,row947,row947,test,
row948,row948,row948,test,
row949,row949,row949,test,
row950,row950,row950,test,
row951,row951,row951,test,
row952,row952,row952,test,
row953,row953,row953,test,
row954,row954,row954,test,
row955,row955,row955,test,
row956,row956,row956,test,
row957,row957,row957,test,
row958,row958,row958,test,
row959,row959,row959,test,
row960,row960,row960,test,
row961,row961,row961,test,
row962,row962,row962,test,
row963,row963,row963,test,
row964,row964,row964,test,
row965,row965,row965,test,
row966,row966,row966,test,
row967,row967,row967,test,
row968,row968,row968,test,
row969,row969,row969,test,
row970,row970,row970,test,
row971,row971,row971,test,
row972,row972,row972,test,
row973,row973,row973,test,
row974,row974,row974,test,
row975,row975,row975,test,
row976,row976,row976,test,
row977,row977,row977,test,
row978,row978,row978,test,
row979,row979,row979,test,
row980,row980,row980,test,
row981,row981,row981,test,
row982,row982,row982,test,
row983,row983,row983,test,
row984,row984,row984,test,
row985,row985,row985,test,
row986,row986,row986,test,
row987,row987,row987,test,
row988,row988,row988,test,
row989,row989,row989,test,
row990,row990,row990,test,
row991,row991,row991,test,
row992,row992,row992,test,
row993,row993,row993,test,
row994,row994,row994,test,
row995,row995,row995,test,
row996,row996,row996,test,
row997,row997,row997,test,
row998,row998,row998,test,
row999,row999,row999,test,
row1000,row1000,row1000,test,
