TestCase:PASSED:
 Session:PASSED:
  Set:PASSED:
  CallKeyword:PASSED:
   Sequence:PASSED:
    CallKeyword:PASSED:
     Sequence:PASSED:
      CallKeyword:PASSED:
       Sequence:PASSED:
        Echo:PASSED:
