TestCase:PASSED:
 Session:PASSED:
  CallKeyword:PASSED:
   Sequence:PASSED:
    Script:PASSED:
   Assert:PASSED:
